// Jest Snapshot v1, https://goo.gl/fbAQLP

exports[`Details page test render details page 1`] = `
Object {
  "asFragment": [Function],
  "baseElement": <body>
    <div>
      <section>
        <div
          class="container"
        >
          <h1 />
          <span>
            Rank # 
          </span>
          <ul>
            <li>
              <h4>
                24 Hour Change:
              </h4>
               %
            </li>
            <li>
              <h4>
                24 Hour Low:
              </h4>
            </li>
            <li>
              <h4>
                24 Hour High:
              </h4>
            </li>
            <li>
              <h4>
                Market Cap:
              </h4>
            </li>
            <li>
              <h4>
                Circulating Supply:
              </h4>
            </li>
          </ul>
        </div>
      </section>
    </div>
  </body>,
  "container": <div>
    <section>
      <div
        class="container"
      >
        <h1 />
        <span>
          Rank # 
        </span>
        <ul>
          <li>
            <h4>
              24 Hour Change:
            </h4>
             %
          </li>
          <li>
            <h4>
              24 Hour Low:
            </h4>
          </li>
          <li>
            <h4>
              24 Hour High:
            </h4>
          </li>
          <li>
            <h4>
              Market Cap:
            </h4>
          </li>
          <li>
            <h4>
              Circulating Supply:
            </h4>
          </li>
        </ul>
      </div>
    </section>
  </div>,
  "debug": [Function],
  "findAllByAltText": [Function],
  "findAllByDisplayValue": [Function],
  "findAllByLabelText": [Function],
  "findAllByPlaceholderText": [Function],
  "findAllByRole": [Function],
  "findAllByTestId": [Function],
  "findAllByText": [Function],
  "findAllByTitle": [Function],
  "findByAltText": [Function],
  "findByDisplayValue": [Function],
  "findByLabelText": [Function],
  "findByPlaceholderText": [Function],
  "findByRole": [Function],
  "findByTestId": [Function],
  "findByText": [Function],
  "findByTitle": [Function],
  "getAllByAltText": [Function],
  "getAllByDisplayValue": [Function],
  "getAllByLabelText": [Function],
  "getAllByPlaceholderText": [Function],
  "getAllByRole": [Function],
  "getAllByTestId": [Function],
  "getAllByText": [Function],
  "getAllByTitle": [Function],
  "getByAltText": [Function],
  "getByDisplayValue": [Function],
  "getByLabelText": [Function],
  "getByPlaceholderText": [Function],
  "getByRole": [Function],
  "getByTestId": [Function],
  "getByText": [Function],
  "getByTitle": [Function],
  "queryAllByAltText": [Function],
  "queryAllByDisplayValue": [Function],
  "queryAllByLabelText": [Function],
  "queryAllByPlaceholderText": [Function],
  "queryAllByRole": [Function],
  "queryAllByTestId": [Function],
  "queryAllByText": [Function],
  "queryAllByTitle": [Function],
  "queryByAltText": [Function],
  "queryByDisplayValue": [Function],
  "queryByLabelText": [Function],
  "queryByPlaceholderText": [Function],
  "queryByRole": [Function],
  "queryByTestId": [Function],
  "queryByText": [Function],
  "queryByTitle": [Function],
  "rerender": [Function],
  "unmount": [Function],
}
`;
